// Jest Snapshot v1, https://goo.gl/fbAQLP

exports[`InfoPanel renders when active 1`] = `
<div
  className="sc-bdVaJa fCfhyF"
/>
`;
